\BOOKMARK [1][-]{section.1}{\376\377\000I\000n\000t\000r\000o\000d\000u\000c\000t\000i\000o\000n}{}% 1
\BOOKMARK [1][-]{section.2}{\376\377\000B\000i\000o\000l\000o\000g\000i\000c\000a\000l\000\040\000B\000a\000c\000k\000g\000r\000o\000u\000n\000d}{}% 2
\BOOKMARK [2][-]{subsection.2.1}{\376\377\000C\000e\000n\000t\000r\000a\000l\000\040\000D\000o\000g\000m\000a}{section.2}% 3
\BOOKMARK [2][-]{subsection.2.2}{\376\377\000P\000r\000o\000t\000e\000i\000n\000\040\000F\000o\000l\000d\000i\000n\000g}{section.2}% 4
\BOOKMARK [2][-]{subsection.2.3}{\376\377\000H\000o\000m\000o\000l\000o\000g\000y}{section.2}% 5
\BOOKMARK [2][-]{subsection.2.4}{\376\377\000M\000u\000l\000t\000i\000p\000l\000e\000\040\000S\000e\000q\000u\000e\000n\000c\000e\000\040\000A\000l\000i\000g\000n\000m\000e\000n\000t\000s}{section.2}% 6
\BOOKMARK [2][-]{subsection.2.5}{\376\377\000S\000t\000r\000u\000c\000t\000u\000r\000e\000\040\000F\000i\000l\000e\000s}{section.2}% 7
\BOOKMARK [1][-]{section.3}{\376\377\000R\000e\000s\000i\000d\000u\000e\000\040\000I\000n\000t\000e\000r\000a\000c\000t\000i\000o\000n\000\040\000N\000e\000t\000w\000o\000r\000k\000s}{}% 8
\BOOKMARK [2][-]{subsection.3.1}{\376\377\000R\000e\000s\000i\000d\000u\000e\000\040\000I\000n\000t\000e\000r\000a\000c\000t\000i\000o\000n\000\040\000N\000e\000t\000w\000o\000r\000k\000\040\000G\000e\000n\000e\000r\000a\000t\000o\000r\000\040\000-\000\040\000R\000I\000N\000G}{section.3}% 9
\BOOKMARK [1][-]{section.4}{\376\377\000A\000p\000p\000e\000n\000d\000i\000x\000:\000\040\000R\000I\000N\000G\000\040\000-\000\040\000P\000r\000e\000d\000i\000c\000t\000e\000d\000\040\000I\000n\000t\000e\000r\000a\000c\000t\000i\000o\000n\000s}{}% 10
\BOOKMARK [2][-]{subsection.4.1}{\376\377\000V\000a\000n\000\040\000D\000e\000r\000\040\000W\000a\000a\000l\000s\000\040\000F\000o\000r\000c\000e\000s\000\040\000-\000\040\000V\000D\000W}{section.4}% 11
\BOOKMARK [2][-]{subsection.4.2}{\376\377\000H\000y\000d\000r\000o\000g\000e\000n\000\040\000B\000o\000n\000d\000s\000\040\000-\000\040\000H\000B\000O\000N\000D}{section.4}% 12
\BOOKMARK [2][-]{subsection.4.3}{\376\377\000I\000o\000n\000i\000c\000\040\000B\000o\000n\000d\000s\000\040\000-\000\040\000I\000O\000N\000I\000C}{section.4}% 13
\BOOKMARK [2][-]{subsection.4.4}{\376\377\000-\000\040\000S\000t\000a\000c\000k\000i\000n\000g\000\040\000-\000\040\000P\000I\000P\000I\000S\000T\000A\000C\000K}{section.4}% 14
\BOOKMARK [2][-]{subsection.4.5}{\376\377\000-\000c\000a\000t\000i\000o\000n\000\040\000B\000o\000n\000d\000\040\000-\000\040\000P\000I\000C\000A\000T\000I\000O\000N}{section.4}% 15
\BOOKMARK [2][-]{subsection.4.6}{\376\377\000-\000h\000y\000d\000r\000o\000g\000e\000n\000\040\000B\000o\000n\000d\000\040\000-\000\040\000P\000I\000H\000B\000O\000N\000D}{section.4}% 16
\BOOKMARK [2][-]{subsection.4.7}{\376\377\000H\000a\000l\000o\000g\000e\000n\000\040\000B\000o\000n\000d\000s\000\040\000-\000\040\000H\000A\000L\000O\000G\000E\000N}{section.4}% 17
\BOOKMARK [2][-]{subsection.4.8}{\376\377\000D\000i\000s\000u\000l\000p\000h\000i\000d\000e\000\040\000B\000o\000n\000d\000s\000\040\000-\000\040\000S\000S\000B\000O\000N\000D}{section.4}% 18
\BOOKMARK [2][-]{subsection.4.9}{\376\377\000M\000e\000t\000a\000l\000\040\000C\000o\000o\000r\000d\000i\000n\000a\000t\000i\000o\000n\000\040\000-\000\040\000M\000E\000T\000A\000L\000\137\000I\000O\000N}{section.4}% 19
\BOOKMARK [1][-]{section.5}{\376\377\000A\000p\000p\000e\000n\000d\000i\000x\000:\000\040\000I\000n\000s\000t\000a\000l\000l\000a\000t\000i\000o\000n\000\040\000a\000n\000d\000\040\000D\000e\000p\000e\000n\000d\000e\000n\000c\000i\000e\000s}{}% 20
\BOOKMARK [1][-]{section.6}{\376\377\000M\000e\000t\000h\000o\000d\000s}{}% 21
\BOOKMARK [2][-]{subsection.6.1}{\376\377\000P\000i\000p\000e\000l\000i\000n\000e}{section.6}% 22
\BOOKMARK [2][-]{subsection.6.2}{\376\377\000I\000n\000i\000t\000i\000a\000t\000i\000o\000n}{section.6}% 23
\BOOKMARK [2][-]{subsection.6.3}{\376\377\000H\000o\000m\000o\000l\000o\000g\000y\000\040\000S\000e\000a\000r\000c\000h}{section.6}% 24
\BOOKMARK [2][-]{subsection.6.4}{\376\377\000S\000t\000r\000u\000c\000t\000u\000r\000e\000\040\000R\000e\000t\000r\000i\000e\000v\000a\000l}{section.6}% 25
\BOOKMARK [2][-]{subsection.6.5}{\376\377\000S\000e\000q\000u\000e\000n\000c\000e\000\040\000A\000l\000i\000g\000n\000e\000m\000e\000n\000t}{section.6}% 26
\BOOKMARK [2][-]{subsection.6.6}{\376\377\000R\000I\000N\000G}{section.6}% 27
\BOOKMARK [2][-]{subsection.6.7}{\376\377\000h\000R\000I\000N\000\040\000S\000y\000n\000t\000h\000e\000s\000i\000s}{section.6}% 28
\BOOKMARK [1][-]{section.7}{\376\377\000H\000o\000m\000o\000l\000o\000g\000y\000\040\000D\000a\000t\000a\000b\000a\000s\000e}{}% 29
\BOOKMARK [2][-]{subsection.7.1}{\376\377\000A\000l\000p\000h\000a\000F\000o\000l\000d}{section.7}% 30
\BOOKMARK [2][-]{subsection.7.2}{\376\377\000P\000r\000o\000t\000e\000i\000n\000\040\000D\000a\000t\000a\000\040\000B\000a\000n\000k\000\040\000\050\000P\000D\000B\000\051}{section.7}% 31
\BOOKMARK [1][-]{section.8}{\376\377\000H\000o\000m\000o\000l\000o\000g\000y\000\040\000R\000e\000s\000i\000d\000u\000e\000\040\000I\000n\000t\000e\000r\000a\000c\000t\000i\000o\000n\000\040\000N\000e\000t\000w\000o\000r\000k\000\040\000-\000\040\000h\000R\000I\000N}{}% 32
\BOOKMARK [2][-]{subsection.8.1}{\376\377\000C\000o\000n\000t\000a\000c\000t\000\040\000C\000o\000n\000s\000e\000r\000v\000a\000t\000i\000o\000n}{section.8}% 33
\BOOKMARK [2][-]{subsection.8.2}{\376\377\000I\000n\000t\000e\000r\000-\000C\000h\000a\000i\000n\000\040\000\046\000\040\000L\000i\000g\000a\000n\000d\000\040\000N\000o\000d\000e\000\040\000I\000d\000e\000n\000t\000i\000f\000i\000c\000a\000t\000i\000o\000n}{section.8}% 34
\BOOKMARK [1][-]{section.9}{\376\377\000A\000n\000a\000l\000y\000s\000i\000s\000\040\000T\000o\000o\000l\000s}{}% 35
\BOOKMARK [2][-]{subsection.9.1}{\376\377\000U\000s\000e\000r\000\040\000D\000e\000f\000i\000n\000e\000d\000\040\000Q\000u\000e\000r\000i\000e\000s}{section.9}% 36
\BOOKMARK [2][-]{subsection.9.2}{\376\377\000C\000o\000n\000t\000a\000t\000\040\000M\000a\000s\000k\000\040\000P\000l\000o\000t\000s}{section.9}% 37
\BOOKMARK [2][-]{subsection.9.3}{\376\377\000C\000o\000n\000t\000a\000c\000t\000\040\000C\000o\000n\000s\000e\000r\000v\000a\000t\000i\000o\000n\000\040\000P\000l\000o\000t\000s}{section.9}% 38
\BOOKMARK [2][-]{subsection.9.4}{\376\377\000C\000o\000-\000E\000v\000o\000l\000u\000t\000i\000o\000n\000\040\000o\000f\000\040\000C\000o\000n\000t\000a\000c\000t\000s}{section.9}% 39
\BOOKMARK [1][-]{section.10}{\376\377\000F\000o\000r\000m\000a\000l\000\040\000h\000R\000I\000N\000\040\000D\000e\000f\000i\000n\000i\000t\000i\000o\000n}{}% 40
\BOOKMARK [1][-]{section.11}{\376\377\000U\000s\000a\000g\000e}{}% 41
\BOOKMARK [2][-]{subsection.11.1}{\376\377\000P\000y\000t\000h\000o\000n}{section.11}% 42
\BOOKMARK [2][-]{subsection.11.2}{\376\377\000C\000o\000m\000m\000a\000n\000d\000\040\000L\000i\000n\000e\000\040\000I\000n\000t\000e\000r\000f\000a\000c\000e\000\040\000\050\000C\000L\000I\000\051}{section.11}% 43
\BOOKMARK [2][-]{subsection.11.3}{\376\377\000F\000i\000l\000e\000\040\000O\000u\000t\000p\000u\000t}{section.11}% 44
\BOOKMARK [2][-]{subsection.11.4}{\376\377\000I\000n\000t\000e\000r\000a\000c\000t\000i\000v\000e\000\040\000A\000p\000p\000l\000i\000c\000a\000t\000i\000o\000n}{section.11}% 45
\BOOKMARK [1][-]{section.12}{\376\377\000D\000i\000s\000c\000u\000s\000s\000i\000o\000n\000\040\000A\000n\000d\000\040\000A\000p\000p\000l\000i\000c\000a\000t\000i\000o\000n\000s}{}% 46
\BOOKMARK [2][-]{subsection.12.1}{\376\377\000P\000A\000S\000\040\000D\000o\000m\000a\000i\000n\000\040\000-\000\040\000B\000i\000n\000d\000i\000n\000g\000\040\000S\000p\000e\000c\000i\000f\000i\000c\000i\000t\000y}{section.12}% 47
\BOOKMARK [2][-]{subsection.12.2}{\376\377\000E\000l\000o\000n\000g\000i\000n\000\040\000C\000\040\000-\000\040\000V\000H\000L\000\040\000I\000n\000t\000e\000r\000a\000c\000t\000i\000o\000n}{section.12}% 48
\BOOKMARK [2][-]{subsection.12.3}{\376\377\000D\000D\000X}{section.12}% 49
\BOOKMARK [1][-]{section*.32}{\376\377\000A\000p\000p\000e\000n\000d\000i\000x}{}% 50
\BOOKMARK [1][-]{appendix.A}{\376\377\000A\000c\000k\000n\000o\000w\000l\000e\000d\000g\000e\000m\000e\000n\000t\000s}{}% 51
\BOOKMARK [1][-]{appendix.B}{\376\377\000F\000u\000t\000u\000r\000e\000\040\000W\000o\000r\000k}{}% 52
\BOOKMARK [1][-]{section*.33}{\376\377\000R\000e\000f\000e\000r\000e\000n\000c\000e\000s}{}% 53
